
> nextn@0.1.0 build
> next build

node.exe : 
[baseline-browser-mapping] 
The data in this module is 
over two months old.  To 
ensure accurate Baseline 
data, please update: `npm i ba
seline-browser-mapping@latest 
-D`
At line:1 char:1
+ & "C:\Program 
Files\nodejs/node.exe" 
"C:\Program 
Files\nodejs/node_mo ...
+ ~~~~~~~~~~~~~~~~~~~~~~~~~~~~
~~~~~~~~~~~~~~~~~~~~~~~~~~~~~~
~~~~~~~~~~~
    + CategoryInfo          : 
    NotSpecified: ([baseline  
  -brows...ping@latest -D`:   
 String) [], RemoteExcepti    
on
    + FullyQualifiedErrorId : 
    NativeCommandError
 
   Γû▓ Next.js 16.0.0-beta.0 (Turbopack)
   - Environments: .env.local
   - Experiments (use with caution):
     ┬╖ serverActions

 ΓÜá The "middleware" file 
convention is deprecated. 
Please use "proxy" instead.
   Creating an optimized production build ...
[baseline-browser-mapping] 
The data in this module is 
over two months old.  To 
ensure accurate Baseline 
data, please update: `npm i ba
seline-browser-mapping@latest 
-D`

> Build error occurred
Error: Turbopack build failed 
with 1 errors:
./src/app/actions.ts:166:1
Export default doesn't exist 
in target module
[0m [90m 164 |[39m
 [90m 165 |[39m
[31m[1m>[22m[39m[90m 166 
|[39m [36mimport[39m pdf 
[36mfrom[39m [32m'pdf-parse
'[39m[33m;[39m
 [90m     |[39m [31m[1m^[
22m[39m[31m[1m^[22m[39m[
31m[1m^[22m[39m[31m[1m^[
22m[39m[31m[1m^[22m[39m[
31m[1m^[22m[39m[31m[1m^[
22m[39m[31m[1m^[22m[39m[
31m[1m^[22m[39m[31m[1m^[
22m[39m[31m[1m^[22m[39m[
31m[1m^[22m[39m[31m[1m^[
22m[39m[31m[1m^[22m[39m[
31m[1m^[22m[39m[31m[1m^[
22m[39m[31m[1m^[22m[39m[
31m[1m^[22m[39m[31m[1m^[
22m[39m[31m[1m^[22m[39m[
31m[1m^[22m[39m[31m[1m^[
22m[39m[31m[1m^[22m[39m[
31m[1m^[22m[39m[31m[1m^[
22m[39m[31m[1m^[22m[39m[
31m[1m^[22m[39m[31m[1m^[
22m[39m
 [90m 167 |[39m
 [90m 168 |[39m [90m// ... 
(imports remain)[39m
 [90m 169 |[39m[0m

The export default was not 
found in module [project]/node
_modules/pdf-parse/dist/pdf-pa
rse/esm/index.js [app-rsc] 
(ecmascript).
Did you mean to import 
Rectangle?
All exports of the module are 
statically known (It doesn't 
have dynamic exports). So 
it's known statically that 
the requested export doesn't 
exist.


    at <unknown> 
(./src/app/actions.ts:166:1)
