.next/dev/types/validator.ts(369,31): error TS2344: Type 'typeof import("C:/Users/mmsjs/.gemini/antigravity/scratch/agi-s-official/src/app/api/search/state/[sessionId]/route")' does not satisfy the constraint 'RouteHandlerConfig<"/api/search/state/[sessionId]">'.
  Types of property 'GET' are incompatible.
    Type '(req: NextRequest, { params }: { params: { sessionId: string; }; }) => Promise<NextResponse<{ state: UALSearchState; answers: UALAnswer[]; results: UALSearchResult[]; }> | NextResponse<...>>' is not assignable to type '(request: NextRequest, context: { params: Promise<{ sessionId: string; }>; }) => void | Response | Promise<void | Response>'.
      Types of parameters '__1' and 'context' are incompatible.
        Type '{ params: Promise<{ sessionId: string; }>; }' is not assignable to type '{ params: { sessionId: string; }; }'.
          Types of property 'params' are incompatible.
            Property 'sessionId' is missing in type 'Promise<{ sessionId: string; }>' but required in type '{ sessionId: string; }'.
.next/types/validator.ts(369,31): error TS2344: Type 'typeof import("C:/Users/mmsjs/.gemini/antigravity/scratch/agi-s-official/src/app/api/search/state/[sessionId]/route")' does not satisfy the constraint 'RouteHandlerConfig<"/api/search/state/[sessionId]">'.
  Types of property 'GET' are incompatible.
    Type '(req: NextRequest, { params }: { params: { sessionId: string; }; }) => Promise<NextResponse<{ state: UALSearchState; answers: UALAnswer[]; results: UALSearchResult[]; }> | NextResponse<...>>' is not assignable to type '(request: NextRequest, context: { params: Promise<{ sessionId: string; }>; }) => void | Response | Promise<void | Response>'.
      Types of parameters '__1' and 'context' are incompatible.
        Type '{ params: Promise<{ sessionId: string; }>; }' is not assignable to type '{ params: { sessionId: string; }; }'.
          Types of property 'params' are incompatible.
            Property 'sessionId' is missing in type 'Promise<{ sessionId: string; }>' but required in type '{ sessionId: string; }'.
src/ai/flows/aether-flow.ts(9,26): error TS2307: Cannot find module '@genkit-ai/google-genai' or its corresponding type declarations.
src/ai/flows/aether-flow.ts(58,10): error TS18047: 'media' is possibly 'null'.
src/ai/flows/aether-flow.ts(67,19): error TS18047: 'media' is possibly 'null'.
src/ai/flows/catalyst-flow.ts(9,26): error TS2307: Cannot find module '@genkit-ai/google-genai' or its corresponding type declarations.
src/ai/flows/continuum-flow.ts(9,26): error TS2307: Cannot find module '@genkit-ai/google-genai' or its corresponding type declarations.
src/ai/flows/continuum-flow.ts(50,10): error TS18047: 'media' is possibly 'null'.
src/ai/flows/continuum-flow.ts(55,30): error TS18047: 'media' is possibly 'null'.
src/ai/flows/generate-video-from-text.ts(13,26): error TS2307: Cannot find module '@genkit-ai/google-genai' or its corresponding type declarations.
src/ai/flows/orchestrator-flow.ts(47,55): error TS2353: Object literal may only specify known properties, and 'data' does not exist in type '{ query: string; files: { name: string; dataType: "csv" | "json" | "pdf"; data: string; }[]; }'.
src/ai/flows/orchestrator-flow.ts(65,10): error TS2678: Type '"AI Knowledge"' is not comparable to type '"AGI-S S-1" | "AGI-S S-2" | "Academic Research" | "Deep Dive" | "Canvas" | "Blueprint" | "CodeX" | "Synthesis" | "Cosmos" | "Catalyst" | "The Strategist" | "The Globetrotter" | ... 6 more ... | "The Ethicist"'.
src/ai/flows/orchestrator-flow.ts(78,39): error TS2353: Object literal may only specify known properties, and 'data' does not exist in type '{ query: string; files: { name: string; dataType: "csv" | "json" | "pdf"; data: string; }[]; }'.
src/ai/flows/synthesis-flow.ts(41,33): error TS2339: Property 'data' does not exist on type '{ query: string; files: { name: string; dataType: "csv" | "json" | "pdf"; data: string; }[]; }'.
src/ai/flows/tts-flow.ts(11,26): error TS2307: Cannot find module '@genkit-ai/google-genai' or its corresponding type declarations.
src/ai/flows/tts-flow.ts(12,17): error TS7016: Could not find a declaration file for module 'wav'. 'C:/Users/mmsjs/.gemini/antigravity/scratch/agi-s-official/node_modules/wav/index.js' implicitly has an 'any' type.
  Try `npm i --save-dev @types/wav` if it exists or add a new declaration (.d.ts) file containing `declare module 'wav';`
src/ai/flows/tts-flow.ts(71,35): error TS7006: Parameter 'd' implicitly has an 'any' type.
src/ai/flows/vision-flow.ts(5,26): error TS2307: Cannot find module '@genkit-ai/google-genai' or its corresponding type declarations.
src/app/(main)/agents/page.tsx(87,19): error TS2339: Property 'lastUsed' does not exist on type 'Agent | { id: string; name: string; description: string; avatar: string; systemPrompt: string; temperature: number; maxTokens: number; }'.
  Property 'lastUsed' does not exist on type '{ id: string; name: string; description: string; avatar: string; systemPrompt: string; temperature: number; maxTokens: number; }'.
src/app/(main)/agents/page.tsx(87,39): error TS2339: Property 'lastUsed' does not exist on type 'Agent | { id: string; name: string; description: string; avatar: string; systemPrompt: string; temperature: number; maxTokens: number; }'.
  Property 'lastUsed' does not exist on type '{ id: string; name: string; description: string; avatar: string; systemPrompt: string; temperature: number; maxTokens: number; }'.
src/app/(main)/agents/page.tsx(89,19): error TS2339: Property 'usageCount' does not exist on type 'Agent | { id: string; name: string; description: string; avatar: string; systemPrompt: string; temperature: number; maxTokens: number; }'.
  Property 'usageCount' does not exist on type '{ id: string; name: string; description: string; avatar: string; systemPrompt: string; temperature: number; maxTokens: number; }'.
src/app/(main)/agents/page.tsx(89,41): error TS2339: Property 'usageCount' does not exist on type 'Agent | { id: string; name: string; description: string; avatar: string; systemPrompt: string; temperature: number; maxTokens: number; }'.
  Property 'usageCount' does not exist on type '{ id: string; name: string; description: string; avatar: string; systemPrompt: string; temperature: number; maxTokens: number; }'.
src/app/(main)/agents/page.tsx(96,53): error TS2339: Property 'isFavorite' does not exist on type 'Agent | { id: string; name: string; description: string; avatar: string; systemPrompt: string; temperature: number; maxTokens: number; }'.
  Property 'isFavorite' does not exist on type '{ id: string; name: string; description: string; avatar: string; systemPrompt: string; temperature: number; maxTokens: number; }'.
src/app/(main)/agents/page.tsx(97,53): error TS2339: Property 'isFavorite' does not exist on type 'Agent | { id: string; name: string; description: string; avatar: string; systemPrompt: string; temperature: number; maxTokens: number; }'.
  Property 'isFavorite' does not exist on type '{ id: string; name: string; description: string; avatar: string; systemPrompt: string; temperature: number; maxTokens: number; }'.
src/app/(main)/canvas/page.tsx(8,24): error TS2459: Module '"@/lib/ual/ual-agent-loop"' declares 'AgentStep' locally, but it is not exported.
src/app/(main)/canvas/page.tsx(196,64): error TS7006: Parameter 'action' implicitly has an 'any' type.
src/app/(main)/canvas/page.tsx(196,72): error TS7006: Parameter 'aidx' implicitly has an 'any' type.
src/components/agents/create-agent-form.tsx(63,29): error TS2339: Property 'error' does not exist on type '{ success: boolean; }'.
src/components/auth/sign-in-form.tsx(42,9): error TS2554: Expected 2 arguments, but got 0.
src/components/blueprint/blueprint-interface.tsx(59,13): error TS2322: Type '{ componentCode: string; reasoning: string; answer?: undefined; error?: undefined; } | { answer: string; componentCode?: undefined; reasoning?: undefined; error?: undefined; } | { error: string; componentCode?: undefined; reasoning?: undefined; answer?: undefined; }' is not assignable to type '{ title: string; description: string; items: { title: string; description: string; subtitle: string; external_links?: Record<string, string> | undefined; }[]; integrations: { name: string; logo_url: string; oauth_required: boolean; action_type: "deep_link" | ... 1 more ... | "oauth_required"; action_url?: string | ....'.
  Type '{ componentCode: string; reasoning: string; answer?: undefined; error?: undefined; }' is missing the following properties from type '{ title: string; description: string; items: { title: string; description: string; subtitle: string; external_links?: Record<string, string> | undefined; }[]; integrations: { name: string; logo_url: string; oauth_required: boolean; action_type: "deep_link" | ... 1 more ... | "oauth_required"; action_url?: string | ....': title, description, items, integrations
src/components/nexus/nexus-interface.tsx(6,29): error TS2307: Cannot find module '@/hooks/use-is-mobile' or its corresponding type declarations.
src/components/translate-provider.tsx(17,22): error TS2345: Argument of type 'string' is not assignable to parameter of type '"New Chat" | "greeting" | "farewell" | "welcome"'.
src/components/ui/toaster.tsx(17,20): error TS2322: Type '{ children: (Element | Element[])[]; hotkey: never[]; }' is not assignable to type 'IntrinsicAttributes & ToastProviderProps'.
  Property 'hotkey' does not exist on type 'IntrinsicAttributes & ToastProviderProps'.
src/components/vision/vision-interface.tsx(66,41): error TS2345: Argument of type '"AI Knowledge"' is not assignable to parameter of type 'AiMode'.
src/components/vision/vision-interface.tsx(70,9): error TS2322: Type 'string | undefined' is not assignable to type 'string'.
  Type 'undefined' is not assignable to type 'string'.
src/components/vision/vision-interface.tsx(72,33): error TS2339: Property 'confidenceScore' does not exist on type '{ componentCode: string; reasoning: string; answer?: undefined; error?: undefined; } | { answer: string; componentCode?: undefined; reasoning?: undefined; error?: undefined; } | { error: string; componentCode?: undefined; reasoning?: undefined; answer?: undefined; }'.
  Property 'confidenceScore' does not exist on type '{ componentCode: string; reasoning: string; answer?: undefined; error?: undefined; }'.
src/hooks/use-chat.ts(22,24): error TS2304: Cannot find name 'Message'.
src/hooks/use-chat.ts(46,9): error TS2345: Argument of type '"AI Knowledge"' is not assignable to parameter of type 'AiMode'.
src/hooks/use-chat.ts(54,24): error TS2304: Cannot find name 'Message'.
src/hooks/use-speech-to-text.ts(12,33): error TS2304: Cannot find name 'SpeechRecognition'.
src/hooks/use-speech-to-text.ts(17,38): error TS2339: Property 'SpeechRecognition' does not exist on type 'Window & typeof globalThis'.
src/hooks/use-speech-to-text.ts(17,66): error TS2339: Property 'webkitSpeechRecognition' does not exist on type 'Window & typeof globalThis'.
src/hooks/use-speech-to-text.ts(28,29): error TS7006: Parameter 'event' implicitly has an 'any' type.
src/lib/db/client.ts(6,30): error TS2307: Cannot find module '@prisma/client' or its corresponding type declarations.
src/lib/ual/stealth-config.ts(6,27): error TS2307: Cannot find module 'puppeteer-extra-plugin-stealth' or its corresponding type declarations.
